Changes not staged for commit:
  (use "git add <file>..." to update what will be committed)
  (use "git checkout -- <file>..." to discard changes in working directory)

	modified:   log_file.txt

no changes added to commit (use "git add" and/or "git commit -a")
Abhinavs-Air:Git_Exercise abhinavkannojia$ git git reset HEAD log_file.txt
git: 'git' is not a git command. See 'git --help'.

The most similar command is
	init
Abhinavs-Air:Git_Exercise abhinavkannojia$ git reset HEAD log_file.txt
Unstaged changes after reset:
M	log_file.txt
Abhinavs-Air:Git_Exercise abhinavkannojia$ git status
On branch master
Your branch is up to date with 'origin/master'.

Changes not staged for commit:
  (use "git add <file>..." to update what will be committed)
  (use "git checkout -- <file>..." to discard changes in working directory)

	modified:   log_file.txt

no changes added to commit (use "git add" and/or "git commit -a")
Abhinavs-Air:Git_Exercise abhinavkannojia$ git checkout log_file.txt
Abhinavs-Air:Git_Exercise abhinavkannojia$ git status
On branch master
Your branch is up to date with 'origin/master'.

nothing to commit, working tree clean

